(---------------------------------------------------------------------)
(                                                                     )
(    Allegro Netrev Import Logic                                      )
(                                                                     )
(    Drawing          : ZWAVE_SWITCH.brd                              )
(    Software Version : 17.2P019                                      )
(    Date/Time        : Wed May 24 13:52:18 2017                      )
(                                                                     )
(---------------------------------------------------------------------)


------ Directives ------------

Ripup etch:                  No
Ripup delete first segment:  No
Ripup retain bondwire:       No
Ripup symbols:               Always
Missing symbol has error:    No
DRC update:                  Yes
Schematic directory:         'C:\DATA\GIT\CADENCE\MODULES\ZWAVE_SWITCH\allegro'
Design Directory:            'C:/DATA/git/Cadence/modules/Zwave_switch/allegro'
Old design name:             'C:/DATA/git/Cadence/modules/Zwave_switch/allegro/ZWAVE_SWITCH.brd'
New design name:             'C:/DATA/git/Cadence/modules/Zwave_switch/allegro/ZWAVE_SWITCH.brd'

CmdLine: netrev.exe -y 1 -i C:\DATA\GIT\CADENCE\MODULES\ZWAVE_SWITCH\allegro C:\DATA\git\Cadence\modules\Zwave_switch\allegro\ZWAVE_SWITCH.brd C:\DATA\git\Cadence\modules\Zwave_switch\allegro\ZWAVE_SWITCH.brd

------ Preparing to read pst files ------

Starting to read C:/DATA/GIT/CADENCE/MODULES/ZWAVE_SWITCH/allegro/pstchip.dat 
   Finished reading C:/DATA/GIT/CADENCE/MODULES/ZWAVE_SWITCH/allegro/pstchip.dat (00:00:00.02)
Starting to read C:/DATA/GIT/CADENCE/MODULES/ZWAVE_SWITCH/allegro/pstxprt.dat 
   Finished reading C:/DATA/GIT/CADENCE/MODULES/ZWAVE_SWITCH/allegro/pstxprt.dat (00:00:00.00)
Starting to read C:/DATA/GIT/CADENCE/MODULES/ZWAVE_SWITCH/allegro/pstxnet.dat 
   Finished reading C:/DATA/GIT/CADENCE/MODULES/ZWAVE_SWITCH/allegro/pstxnet.dat (00:00:00.00)

------ Oversights/Warnings/Errors ------


------ Library Paths ------
MODULEPATH =  C:/DATA/git/hardware/Library/CadenceLib/layout/symbol_lib/ 
           . 
           C:/Cadence/Cadence_SPB_17.2-2016/share/local/pcb/modules 

PSMPATH =  C:/DATA/git/hardware/Library/CadenceLib/layout/symbol_lib/ 
           . 
           symbols 
           .. 
           ../symbols 
           C:/Cadence/Cadence_SPB_17.2-2016/share/local/pcb/symbols 
           C:/Cadence/Cadence_SPB_17.2-2016/share/pcb/pcb_lib/symbols 
           C:/Cadence/Cadence_SPB_17.2-2016/share/pcb/allegrolib/symbols 

PADPATH =  C:/DATA/git/hardware/Library/CadenceLib/layout/symbol_lib/ 
           . 
           symbols 
           .. 
           ../symbols 
           C:/Cadence/Cadence_SPB_17.2-2016/share/local/pcb/padstacks 
           C:/Cadence/Cadence_SPB_17.2-2016/share/pcb/pcb_lib/symbols 
           C:/Cadence/Cadence_SPB_17.2-2016/share/pcb/allegrolib/symbols 


------ Summary Statistics ------


netrev run on May 24 13:52:18 2017
   DESIGN NAME : 'ZWAVE_SWITCH'
   PACKAGING ON Mar  2 2016 00:37:24

   COMPILE 'logic'
   CHECK_PIN_NAMES OFF
   CROSS_REFERENCE OFF
   FEEDBACK OFF
   INCREMENTAL OFF
   INTERFACE_TYPE PHYSICAL
   MAX_ERRORS 500
   MERGE_MINIMUM 5
   NET_NAME_CHARS '#%&()*+-./:=>?@[]^_`|'
   NET_NAME_LENGTH 24
   OVERSIGHTS ON
   REPLACE_CHECK OFF
   SINGLE_NODE_NETS ON
   SPLIT_MINIMUM 0
   SUPPRESS   20
   WARNINGS ON

 No error detected
 No oversight detected
 No warning detected

cpu time      0:00:17
elapsed time  0:00:00

